Backside:
               _________________________---____---____---_____
1 SPI Flash   /   Seeed             '----U------U------U--'   \
2 FPC         |2-.                                            |
3 RTL8720DN   || | O O O O O O O O O O O O O O O O O O O O    |
4 DC-DC       || | O O O O O O O O O O O O O O O O O O O O    |
5 ATSAMD51P19 |`-' 3--------,  1 _                            |
6 LIS3DHTR    |    |        |  =| |=        6[ ]     7[ ]  9  |
7 Light sens  |11  |        |  =|_|=                   ,------|
8 IR Emitter  |L\  |        |4:O:    5----.      8==   =      |
9 microSD     ||-' `--------'        |    |            =      |
10 Mic&Buzzer || |                   `----'            =______|
11 Antenna    |L_'   ....                          ....       |
12 5way       | 12  |----|         .----.         |----|  10  |
   switch     \_____|    |_________|____|_________|    |______/


GPIO:
                              __________________...___
                             /                  ...   \
                             | O              O ... O |
[      |          |   5V  ]  |     2 O O 1      ...   | [  3V3  |         |      ]
[      |          |   5V  ]  |     4 O O 3      ...   | [ BCM02 |    I2C1_SDA    ]
[      |          |  GND  ]  |     6 O O 5      ...   | [ BCM03 |    I2C1_SCL    ]
[ TXD  |          | BCM14 ]  |     8 O O 7      ...   | [ BCM04 |  GPCLK0 |      ]
[ RXD  |          | BCM15 ]  |    10 O O 9      ...   | [  GND  |         |      ]
[     I2S_BCLK    | BCM24 ]  |    12 O O 11     ...   | [ BCM17 |  DAC0   |      ]
[      |          |  GND  ]  |    14 O O 13     ...   | [ BCM27 | D0 | D1 | PWM0 ]
[ PWM1 | D2 | A2  | BCM23 ]  |    16 O O 15     ...   | [ BCM22 | D1 | A1 |      ]
[      | D3 | A3  | BCM24 ]  |    18 O O 17     ...   | [  3V3  |         |      ]
[      |          |  GND  ]  |    20 O O 19     ...   | [ BCM10 |  MOSI   |      ]
[      | D4 | A4  | BCM25 ]  |    22 O O 21     ...   | [ BCM09 |  MISO   |      ]
[ CE0  |    CS    | BCM08 ]  |    24 O O 23     ...   | [ BCM11 |  SCLK   | PWM2 ]
[ CD1  |   DAC1   | BCM07 ]  |    26 O O 25     ...   | [  GND  |         |      ]
[     I2C0_SCL    | BCM01 ]  |    28 O O 27     ...   | [ BCM00 |    I2C0_SDA    ]
[      |          |  GND  ]  |    30 O O 29     ...   | [ BCM05 |  GPCLK1 |      ]
[      | D5 | A5  | BCM12 ]  |    32 O O 31     ...   | [ BCM06 |  GPCLK2 |      ]
[      |          |  GND  ]  |    34 O O 33     ...   | [ BCM13 | D6 | A6 | PWM3 ]
[      | D7 | A7  | BCM16 ]  |    36 O O 35     ...   | [ BCM19 |    I2S_LRCLK   ]
[    I2C0_SDIN    | BCM20 ]  |    38 O O 37     ...   | [ BCM26 | D8 | A8 | PWM4 ]
[    I2S_SDOUT    | BCM21 ]  |    40 O O 39     ...   | [  GND  |         |      ]
                             | O              O ... O |
                             \__________________...___/


Seeeduino Wio Terminal

SoC                : Amtel SAMD51
RAM                : 192KB
Storage            : QSPI (4MB)
Wi-fi              : True
Bluetooth          : True
