                         Frontside
                              ,----|   |----.
[        |        ]   5V (32) |o5V \---/   o|  (0)  GP0  [SPI0 RX |I2C0 SDA|UART0 TX]
[        |        ]  GND (31) |o    usbC   o|  (1)  GP1  [SPI0 CSn|I2C0 SCL|UART0 RX]
[        |        ]  3V3 (30) |oRP2040-ZEROo|  (2)  GP2  [SPI0 SCK|I2C1 SDA|        ]
[        |  ADC3  ] GP29 (29) |o    ---    o|  (3)  GP3  [SPI0 TX |I2C1 SCL|        ]
[        |  ADC2  ] GP28 (28) |o  B     R  o|  (4)  GP4  [SPI0 RX |I2C0 SDA|UART1 TX]
[I2C1 SCL|  ADC1  ] GP27 (27) |o |-| O |-| o|  (5)  GP5  [SPI0 CSn|I2C0 SCL|UART1 RX]
[I2C1 SDA|  ADC0  ] GP26 (26) |o |-|   |-| o|  (6)  GP6  [SPI0 SCK|I2C1 SDA|        ]
[I2C1 SDA|SPI1 SCK] GP15 (25) |o    WS®    o|  (7)  GP7  [SPI0 TX |I2C1 SCL|        ]
[I2C1 SCL|SPI1 TX ] GP14 (24) |o o o o o o o|  (8)  GP8  [SPI1 RX |I2C0 SDA|UART1 TX]
                              `-------------'
                                 | | | | |
                                 | | | |  \
                                 | | |  \  `-  (9)  GP9  [SPI1 CSn|I2C1 SCL|UART1 RX]
                                 | |  \  `---  (10) GP10 [SPI1 SCK|I2C1 SDA|        ]
                                 |  \  `-----  (11) GP11 [SPI1 TX |I2C1 SCL|        ]
                                  \  `-------  (12) GP12 [SPI1 RX |I2C0 SDA|UART0 TX]
                                   `---------  (13) GP13 [SPI1 CSn|I2C0 SCL|UART0 RX]
                         Backside
                              ,----┴───┴----.
   ,----------------.         |   | :|Ξ  |o |  (14) GND  [        |        |        ]
  /   LED used pin   \        |   |      |o |  (15) GP25 [        |        |        ]
 |                    |       |   ,------,o |  (16) GP24 [        |        |        ]
  \  [ GP16 | DIN ]  /        |  .|      |o |  (17) GP23 [        |        |        ]
   `----------------'         |   |RP2040|o |  (18) GP22 [        |        |        ]
                              |  .|      |o |  (19) GP21 [        |I2C0 SCL|        ]
                              |   '------'o |  (20) GP20 [        |I2C0 SDA|        ]
                              |     ===   o |  (21) GP19 [SPI0 TX |I2C1 SCL|        ]
                              |           o |  (22) GP18 [SPI0 SCK|I2C1 SDA|        ]
                              `-------------'  (23) GP17 [SPI0 CSn|I2C0 SCL|UART0 RX]
Waveshare RP2040-Zero

SoC                : RP2040
RAM                : 264KB
Storage            : SQPI (2MB)
USB ports          : 1 (of which 0 USB3)
Wi-fi              : False
Bluetooth          : False
