                                                           ,----|   |-----.
  BUTTON [ GPIO00 | RTC ]             [ CHARGE ]  -------  |O C `---` 13 O| LED   [ GPIO13 | RTC | ADC2 CH2 |  FSPIQ  | T13  ]
  ,----.                                            RESET  |1 usbC[]      |
  | GR | - [ NEOPIXEL       | GPIO33 ]               3.3v  |o Rst []I ,---| - GND
  | B  | - [ NEOPIXEL_POWER | GPIO34 ]               3.3v  |o Boot[]2 | - |
  `----'                                              GND  |o     []C .---| - VBAT
[            | U1RXD | ADC2 CH7 | RTC | GPIO18 ]       A0  |o        (+) o| VBAT
[            | U1TXD | ADC2 CH6 | RTC | GPIO17 ]       A1  |o ,--------. o| EN
[ XTAL_32K_N | U0CTS | ADC2 CH5 | RTC | GPIO16 ]       A2  |o |        | o| VBUS
[ XTAL_32K_P | U0RTS | ADC2 CH4 | RTC | GPIO15 ]       A3  |o |   E F  | o| D13   [ GPIO13 | RTC | ADC2 CH2 |  FSPIQ  | T13  ]
     [ T14 | FSPIWP  | ADC2 CH3 | RTC | GPIO14 ]       A4  |o |   S E  | o| D12   [ GPIO12 | RTC | ADC2 CH1 | FSPICLK | T12  ]
     [ T8  |         | ADC2 CH7 | RTC | GPIO08 ]       A5  |o | T P A  | o| D11   [ GPIO11 | RTC | ADC2 CH0 |  FSPID  | T11  ]
           [ FSPICLK |      | SPI/CPU | GPIO36 ]      SCK  |o | F 3 T  | o| D10   [ GPIO10 | RTC | ADC1 CH9 | FSPICS0 | T10  ]
           [  FSPID  |      | SPI/CPU | GPIO35 ]     MOSI  |o | T 2 E  | o| D9    [ GPIO09 | RTC | ADC1 CH8 | FSPIHD  | T9   ]
           [  FSPIQ  |      | SPI/CPU | GPIO37 ]     MISO  |o |   - R  | o| D6    [ GPIO06 | RTC | ADC1 CH5 |         | T6   ]
     [ T2  |         | ADC1 CH1 | RTC | GPIO02 ]       RX  |o |   S    | o| D5    [ GPIO05 | RTC | ADC1 CH4 |         | T5   ]
     [ T1  |         | ADC1 CH0 | RTC | GPIO01 ]       TX  |o |   3    | o| SCL   [ GPIO41 | CPU |          |         | MTDI ]
                                                     TXD0  |o |        | o| SDA   [ GPIO42 | CPU |          |         | MTMS ]
                                                           |  `--------'  |
                                                           |O  F TFT S3  O|
                                                           `--------------'
    ,---
   .| O - SCL [ GPIO41 | CPU | MTDI ]               ,-------------------. TFT_I2C_POWER [ GPIO21 | RTC ]
   .| O - SDA [ GPIO42 | CPU | MTMS ]               |   FEATHER         | TFT_CS        [ GPIO07 | RTC | ADC1 CH6 | T7   ]
   .| O - VSENSOR                                   |    ESP32-S3       | TFT_DC        [ GPIO39 | CPU |          | MTCK ]
   .| O - GND                                       |      TFT          | TFT_RESET     [ GPIO40 | CPU |          | MTDO ]
    `---                                            `-------------------' TFT_BACKLIGHT [ GPIO45 | CPU ]



Adafruit Feather ESP32-S3 TFT

SoC                : ESP32-S3
RAM                : 2368KB
Storage            : DIO (4MB)
Wi-fi              : True
Bluetooth          : True
